[2026-04-08 11:34:46,200] {manager.py:474} INFO - Processing files using up to 2 processes at a time 
[2026-04-08 11:34:46,201] {manager.py:475} INFO - Process each file at most once every 30 seconds
[2026-04-08 11:34:46,201] {manager.py:477} INFO - Checking for new files in /opt/airflow/dags every 300 seconds
[2026-04-08 11:34:46,201] {manager.py:684} INFO - Searching for files in /opt/airflow/dags
[2026-04-08 11:34:46,202] {manager.py:687} INFO - There are 0 files in /opt/airflow/dags
[2026-04-08 11:39:46,902] {manager.py:684} INFO - Searching for files in /opt/airflow/dags
[2026-04-08 11:39:46,902] {manager.py:687} INFO - There are 0 files in /opt/airflow/dags
[2026-04-08 11:44:47,541] {manager.py:684} INFO - Searching for files in /opt/airflow/dags
[2026-04-08 11:44:47,542] {manager.py:687} INFO - There are 0 files in /opt/airflow/dags
[2026-04-08 11:49:48,191] {manager.py:684} INFO - Searching for files in /opt/airflow/dags
[2026-04-08 11:49:48,192] {manager.py:687} INFO - There are 0 files in /opt/airflow/dags
[2026-04-08 11:50:06,401] {manager.py:455} INFO - Exiting gracefully upon receiving signal 15
[2026-04-08 12:00:19,327] {manager.py:474} INFO - Processing files using up to 2 processes at a time 
[2026-04-08 12:00:19,329] {manager.py:475} INFO - Process each file at most once every 30 seconds
[2026-04-08 12:00:19,330] {manager.py:477} INFO - Checking for new files in /opt/airflow/dags every 300 seconds
[2026-04-08 12:00:19,330] {manager.py:684} INFO - Searching for files in /opt/airflow/dags
[2026-04-08 12:00:19,332] {manager.py:687} INFO - There are 0 files in /opt/airflow/dags
[2026-04-08 12:01:14,283] {manager.py:455} INFO - Exiting gracefully upon receiving signal 15
[2026-04-08 12:01:47,720] {manager.py:474} INFO - Processing files using up to 2 processes at a time 
[2026-04-08 12:01:47,721] {manager.py:475} INFO - Process each file at most once every 30 seconds
[2026-04-08 12:01:47,722] {manager.py:477} INFO - Checking for new files in /opt/airflow/dags every 300 seconds
[2026-04-08 12:01:47,722] {manager.py:684} INFO - Searching for files in /opt/airflow/dags
[2026-04-08 12:01:47,723] {manager.py:687} INFO - There are 0 files in /opt/airflow/dags
[2026-04-08 12:06:48,462] {manager.py:684} INFO - Searching for files in /opt/airflow/dags
[2026-04-08 12:06:48,462] {manager.py:687} INFO - There are 0 files in /opt/airflow/dags
[2026-04-08 12:11:49,127] {manager.py:684} INFO - Searching for files in /opt/airflow/dags
[2026-04-08 12:11:49,127] {manager.py:687} INFO - There are 0 files in /opt/airflow/dags
[2026-04-08 12:15:46,818] {manager.py:455} INFO - Exiting gracefully upon receiving signal 15
[2026-04-08 12:16:25,125] {manager.py:474} INFO - Processing files using up to 2 processes at a time 
[2026-04-08 12:16:25,126] {manager.py:475} INFO - Process each file at most once every 30 seconds
[2026-04-08 12:16:25,127] {manager.py:477} INFO - Checking for new files in /opt/airflow/dags every 300 seconds
[2026-04-08 12:16:25,127] {manager.py:684} INFO - Searching for files in /opt/airflow/dags
[2026-04-08 12:16:25,128] {manager.py:687} INFO - There are 0 files in /opt/airflow/dags
[2026-04-08 12:17:14,420] {manager.py:455} INFO - Exiting gracefully upon receiving signal 15
[2026-04-08 12:18:57,832] {manager.py:474} INFO - Processing files using up to 2 processes at a time 
[2026-04-08 12:18:57,833] {manager.py:475} INFO - Process each file at most once every 30 seconds
[2026-04-08 12:18:57,833] {manager.py:477} INFO - Checking for new files in /opt/airflow/dags every 300 seconds
[2026-04-08 12:18:57,834] {manager.py:684} INFO - Searching for files in /opt/airflow/dags
[2026-04-08 12:18:57,835] {manager.py:687} INFO - There are 0 files in /opt/airflow/dags
[2026-04-08 12:22:06,246] {manager.py:455} INFO - Exiting gracefully upon receiving signal 15
[2026-04-08 12:22:46,762] {manager.py:474} INFO - Processing files using up to 2 processes at a time 
[2026-04-08 12:22:46,762] {manager.py:475} INFO - Process each file at most once every 30 seconds
[2026-04-08 12:22:46,763] {manager.py:477} INFO - Checking for new files in /opt/airflow/dags every 300 seconds
[2026-04-08 12:22:46,764] {manager.py:684} INFO - Searching for files in /opt/airflow/dags
[2026-04-08 12:22:46,765] {manager.py:687} INFO - There are 0 files in /opt/airflow/dags
[2026-04-08 12:24:09,511] {manager.py:455} INFO - Exiting gracefully upon receiving signal 15
[2026-04-08 12:25:44,051] {manager.py:474} INFO - Processing files using up to 2 processes at a time 
[2026-04-08 12:25:44,051] {manager.py:475} INFO - Process each file at most once every 30 seconds
[2026-04-08 12:25:44,051] {manager.py:477} INFO - Checking for new files in /opt/airflow/dags every 300 seconds
[2026-04-08 12:25:44,051] {manager.py:684} INFO - Searching for files in /opt/airflow/dags
[2026-04-08 12:25:44,052] {manager.py:687} INFO - There are 0 files in /opt/airflow/dags
[2026-04-08 12:29:10,888] {manager.py:455} INFO - Exiting gracefully upon receiving signal 15
[2026-04-08 12:30:02,259] {manager.py:474} INFO - Processing files using up to 2 processes at a time 
[2026-04-08 12:30:02,260] {manager.py:475} INFO - Process each file at most once every 30 seconds
[2026-04-08 12:30:02,261] {manager.py:477} INFO - Checking for new files in /opt/airflow/dags every 300 seconds
[2026-04-08 12:30:02,261] {manager.py:684} INFO - Searching for files in /opt/airflow/dags
[2026-04-08 12:30:02,262] {manager.py:687} INFO - There are 0 files in /opt/airflow/dags
[2026-04-08 12:31:37,526] {manager.py:455} INFO - Exiting gracefully upon receiving signal 15
[2026-04-08 12:33:01,642] {manager.py:474} INFO - Processing files using up to 2 processes at a time 
[2026-04-08 12:33:01,642] {manager.py:475} INFO - Process each file at most once every 30 seconds
[2026-04-08 12:33:01,642] {manager.py:477} INFO - Checking for new files in /opt/airflow/dags every 300 seconds
[2026-04-08 12:33:01,643] {manager.py:684} INFO - Searching for files in /opt/airflow/dags
[2026-04-08 12:33:01,643] {manager.py:687} INFO - There are 0 files in /opt/airflow/dags
[2026-04-08 12:38:02,339] {manager.py:684} INFO - Searching for files in /opt/airflow/dags
[2026-04-08 12:38:02,340] {manager.py:687} INFO - There are 0 files in /opt/airflow/dags
[2026-04-08 12:38:43,140] {manager.py:455} INFO - Exiting gracefully upon receiving signal 15
[2026-04-08 12:39:37,657] {manager.py:474} INFO - Processing files using up to 2 processes at a time 
[2026-04-08 12:39:37,657] {manager.py:475} INFO - Process each file at most once every 30 seconds
[2026-04-08 12:39:37,657] {manager.py:477} INFO - Checking for new files in /opt/airflow/dags every 300 seconds
[2026-04-08 12:39:37,658] {manager.py:684} INFO - Searching for files in /opt/airflow/dags
[2026-04-08 12:39:37,658] {manager.py:687} INFO - There are 0 files in /opt/airflow/dags
[2026-04-08 12:43:34,716] {manager.py:455} INFO - Exiting gracefully upon receiving signal 15
[2026-04-08 12:44:15,477] {manager.py:474} INFO - Processing files using up to 2 processes at a time 
[2026-04-08 12:44:15,477] {manager.py:475} INFO - Process each file at most once every 30 seconds
[2026-04-08 12:44:15,477] {manager.py:477} INFO - Checking for new files in /opt/airflow/dags every 300 seconds
[2026-04-08 12:44:15,477] {manager.py:684} INFO - Searching for files in /opt/airflow/dags
[2026-04-08 12:44:15,478] {manager.py:687} INFO - There are 0 files in /opt/airflow/dags
[2026-04-08 12:49:16,203] {manager.py:684} INFO - Searching for files in /opt/airflow/dags
[2026-04-08 12:49:16,204] {manager.py:687} INFO - There are 0 files in /opt/airflow/dags
[2026-04-08 12:54:16,859] {manager.py:684} INFO - Searching for files in /opt/airflow/dags
[2026-04-08 12:54:16,860] {manager.py:687} INFO - There are 0 files in /opt/airflow/dags
[2026-04-08 12:59:17,505] {manager.py:684} INFO - Searching for files in /opt/airflow/dags
[2026-04-08 12:59:17,506] {manager.py:687} INFO - There are 0 files in /opt/airflow/dags
[2026-04-08 12:59:46,304] {manager.py:455} INFO - Exiting gracefully upon receiving signal 15
[2026-04-08 13:02:13,404] {manager.py:474} INFO - Processing files using up to 2 processes at a time 
[2026-04-08 13:02:13,404] {manager.py:475} INFO - Process each file at most once every 30 seconds
[2026-04-08 13:02:13,404] {manager.py:477} INFO - Checking for new files in /opt/airflow/dags every 300 seconds
[2026-04-08 13:02:13,405] {manager.py:684} INFO - Searching for files in /opt/airflow/dags
[2026-04-08 13:02:13,407] {manager.py:687} INFO - There are 0 files in /opt/airflow/dags
[2026-04-08 13:07:14,131] {manager.py:684} INFO - Searching for files in /opt/airflow/dags
[2026-04-08 13:07:14,132] {manager.py:687} INFO - There are 0 files in /opt/airflow/dags
[2026-04-08 13:12:14,775] {manager.py:684} INFO - Searching for files in /opt/airflow/dags
[2026-04-08 13:12:14,775] {manager.py:687} INFO - There are 0 files in /opt/airflow/dags
[2026-04-08 13:17:15,413] {manager.py:684} INFO - Searching for files in /opt/airflow/dags
[2026-04-08 13:17:15,414] {manager.py:687} INFO - There are 0 files in /opt/airflow/dags
[2026-04-08 13:22:16,064] {manager.py:684} INFO - Searching for files in /opt/airflow/dags
[2026-04-08 13:22:16,064] {manager.py:687} INFO - There are 0 files in /opt/airflow/dags
[2026-04-08 13:27:16,714] {manager.py:684} INFO - Searching for files in /opt/airflow/dags
[2026-04-08 13:27:16,715] {manager.py:687} INFO - There are 0 files in /opt/airflow/dags
[2026-04-08 13:32:17,377] {manager.py:684} INFO - Searching for files in /opt/airflow/dags
[2026-04-08 13:32:17,377] {manager.py:687} INFO - There are 0 files in /opt/airflow/dags
[2026-04-08 13:37:18,014] {manager.py:684} INFO - Searching for files in /opt/airflow/dags
[2026-04-08 13:37:18,015] {manager.py:687} INFO - There are 0 files in /opt/airflow/dags
[2026-04-08 13:42:18,663] {manager.py:684} INFO - Searching for files in /opt/airflow/dags
[2026-04-08 13:42:18,664] {manager.py:687} INFO - There are 0 files in /opt/airflow/dags
[2026-04-08 13:47:19,298] {manager.py:684} INFO - Searching for files in /opt/airflow/dags
[2026-04-08 13:47:19,298] {manager.py:687} INFO - There are 0 files in /opt/airflow/dags
[2026-04-08 13:52:19,941] {manager.py:684} INFO - Searching for files in /opt/airflow/dags
[2026-04-08 13:52:19,942] {manager.py:687} INFO - There are 0 files in /opt/airflow/dags
[2026-04-08 13:57:20,600] {manager.py:684} INFO - Searching for files in /opt/airflow/dags
[2026-04-08 13:57:20,601] {manager.py:687} INFO - There are 0 files in /opt/airflow/dags
[2026-04-08 14:02:21,265] {manager.py:684} INFO - Searching for files in /opt/airflow/dags
[2026-04-08 14:02:21,266] {manager.py:687} INFO - There are 0 files in /opt/airflow/dags
[2026-04-08 14:07:21,926] {manager.py:684} INFO - Searching for files in /opt/airflow/dags
[2026-04-08 14:07:21,927] {manager.py:687} INFO - There are 0 files in /opt/airflow/dags
[2026-04-08 14:12:22,583] {manager.py:684} INFO - Searching for files in /opt/airflow/dags
[2026-04-08 14:12:22,583] {manager.py:687} INFO - There are 0 files in /opt/airflow/dags
[2026-04-08 14:17:23,252] {manager.py:684} INFO - Searching for files in /opt/airflow/dags
[2026-04-08 14:17:23,256] {manager.py:687} INFO - There are 0 files in /opt/airflow/dags
[2026-04-08 14:22:23,094] {manager.py:455} INFO - Exiting gracefully upon receiving signal 15
[2026-04-08 14:25:46,354] {manager.py:474} INFO - Processing files using up to 2 processes at a time 
[2026-04-08 14:25:46,354] {manager.py:475} INFO - Process each file at most once every 30 seconds
[2026-04-08 14:25:46,354] {manager.py:477} INFO - Checking for new files in /opt/airflow/dags every 300 seconds
[2026-04-08 14:25:46,355] {manager.py:684} INFO - Searching for files in /opt/airflow/dags
[2026-04-08 14:25:46,355] {manager.py:687} INFO - There are 0 files in /opt/airflow/dags
[2026-04-08 14:30:47,102] {manager.py:684} INFO - Searching for files in /opt/airflow/dags
[2026-04-08 14:30:47,104] {manager.py:687} INFO - There are 0 files in /opt/airflow/dags
[2026-04-08 14:35:47,757] {manager.py:684} INFO - Searching for files in /opt/airflow/dags
[2026-04-08 14:35:47,758] {manager.py:687} INFO - There are 0 files in /opt/airflow/dags
